Git_Hub_branch. HW_2

1. На локальном репозитории сделать ветки для:
- Postman
- Jmeter
- CheckLists
- Bag Reports
- SQL
- Charles
- Mobile testing

Создал внешний репозиторий GitBranch https://github.com/DmitryMedved/GitBranch

Клонировал репозиторий GitBranche  на локальный компьютер
medved@DESKTOP-59DF4KB MINGW64 /c
$ mkdir gitbranch

medved@DESKTOP-59DF4KB MINGW64 /c
$ cd gitbranch

medved@DESKTOP-59DF4KB MINGW64 /c/gitbranch
$ git clone https://github.com/DmitryMedved/GitBranch.git
Cloning into 'GitBranch'...
remote: Enumerating objects: 3, done.
remote: Counting objects: 100% (3/3), done.
remote: Total 3 (delta 0), reused 0 (delta 0), pack-reused 0
Receiving objects: 100% (3/3), done.

medved@DESKTOP-59DF4KB MINGW64 /c/gitbranch
$ cd gitbranch

medved@DESKTOP-59DF4KB MINGW64 /c/gitbranch/gitbranch (main)
$

medved@DESKTOP-59DF4KB MINGW64 /c/gitbranch/gitbranch (main)
$ git branch
* main

medved@DESKTOP-59DF4KB MINGW64 /c/gitbranch/gitbranch (main)
$ git branch Postman

medved@DESKTOP-59DF4KB MINGW64 /c/gitbranch/gitbranch (main)
$ git branch jmeter

medved@DESKTOP-59DF4KB MINGW64 /c/gitbranch/gitbranch (main)
$ git branch checklists

medved@DESKTOP-59DF4KB MINGW64 /c/gitbranch/gitbranch (main)
$ git branch BagReports

medved@DESKTOP-59DF4KB MINGW64 /c/gitbranch/gitbranch (main)
$ git branch SQL

medved@DESKTOP-59DF4KB MINGW64 /c/gitbranch/gitbranch (main)
$ git branch Charles

medved@DESKTOP-59DF4KB MINGW64 /c/gitbranch/gitbranch (main)
$ Git branch MobileTesting

medved@DESKTOP-59DF4KB MINGW64 /c/gitbranch/gitbranch (main)
$ git branch
  BagReports
  Charles
  MobileTesting
  Postman
  SQL
  checklists
  jmeter
* main

2. Запушить все ветки на внешний репозиторий

medved@DESKTOP-59DF4KB MINGW64 /c/gitbranch/gitbranch (main)
$ git checkout postman
Switched to branch 'postman'

medved@DESKTOP-59DF4KB MINGW64 /c/gitbranch/gitbranch (postman)
$  cat > postman.txt
1) img_1
2) img_2
3) img_3

medved@DESKTOP-59DF4KB MINGW64 /c/gitbranch/gitbranch (postman)
$ git status
On branch postman
Untracked files:
  (use "git add <file>..." to include in what will be committed)
        postman.txt

nothing added to commit but untracked files present (use "git add" to track)

medved@DESKTOP-59DF4KB MINGW64 /c/gitbranch/gitbranch (postman)
$ git add postman.txt
warning: LF will be replaced by CRLF in postman.txt.
The file will have its original line endings in your working directory

medved@DESKTOP-59DF4KB MINGW64 /c/gitbranch/gitbranch (postman)
$ git commit -m "add postman"
[postman c3073aa] add postman
 1 file changed, 2 insertions(+)
 create mode 100644 postman.txt

medved@DESKTOP-59DF4KB MINGW64 /c/gitbranch/gitbranch (postman)
$ git push
fatal: The current branch postman has no upstream branch.
To push the current branch and set the remote as upstream, use

    git push --set-upstream origin postman

medved@DESKTOP-59DF4KB MINGW64 /c/gitbranch/gitbranch (postman)
$ git push --set-upstream origin postman
Enumerating objects: 4, done.
Counting objects: 100% (4/4), done.
Delta compression using up to 8 threads
Compressing objects: 100% (2/2), done.
Writing objects: 100% (3/3), 295 bytes | 295.00 KiB/s, done.
Total 3 (delta 0), reused 0 (delta 0), pack-reused 0
remote:
remote: Create a pull request for 'postman' on GitHub by visiting:
remote:      https://github.com/DmitryMedved/GitBranch/pull/new/postman
remote:
To https://github.com/DmitryMedved/GitBranch.git
 * [new branch]      postman -> postman
branch 'postman' set up to track 'origin/postman'.

medved@DESKTOP-59DF4KB MINGW64 /c/gitbranch/gitbranch (postman)
$ git checkout charles
Switched to branch 'charles'

medved@DESKTOP-59DF4KB MINGW64 /c/gitbranch/gitbranch (charles)
$ cat > charles.txt
1) img_4
2) img_5
3) img_6


medved@DESKTOP-59DF4KB MINGW64 /c/gitbranch/gitbranch (charles)
$ git status
On branch charles
Untracked files:
  (use "git add <file>..." to include in what will be committed)
        charles.txt

nothing added to commit but untracked files present (use "git add" to track)

medved@DESKTOP-59DF4KB MINGW64 /c/gitbranch/gitbranch (charles)
$ git add status.txt
fatal: pathspec 'status.txt' did not match any files

medved@DESKTOP-59DF4KB MINGW64 /c/gitbranch/gitbranch (charles)
$ git add charles.txt
warning: LF will be replaced by CRLF in charles.txt.
The file will have its original line endings in your working directory

medved@DESKTOP-59DF4KB MINGW64 /c/gitbranch/gitbranch (charles)
$ git commit -m "add charles"
[charles 0b79bff] add charles
 1 file changed, 3 insertions(+)
 create mode 100644 charles.txt

medved@DESKTOP-59DF4KB MINGW64 /c/gitbranch/gitbranch (charles)
$ git push
fatal: The current branch charles has no upstream branch.
To push the current branch and set the remote as upstream, use

    git push --set-upstream origin charles


medved@DESKTOP-59DF4KB MINGW64 /c/gitbranch/gitbranch (charles)
$ git push --set-upstream origin charles
Enumerating objects: 4, done.
Counting objects: 100% (4/4), done.
Delta compression using up to 8 threads
Compressing objects: 100% (2/2), done.
Writing objects: 100% (3/3), 302 bytes | 302.00 KiB/s, done.
Total 3 (delta 0), reused 0 (delta 0), pack-reused 0
remote:
remote: Create a pull request for 'charles' on GitHub by visiting:
remote:      https://github.com/DmitryMedved/GitBranch/pull/new/charles
remote:
To https://github.com/DmitryMedved/GitBranch.git
 * [new branch]      charles -> charles
branch 'charles' set up to track 'origin/charles'.

medved@DESKTOP-59DF4KB MINGW64 /c/gitbranch/gitbranch (jmeter)
$ git checkout checklists
Switched to branch 'checklists'

medved@DESKTOP-59DF4KB MINGW64 /c/gitbranch/gitbranch (checklists)
$ cat > checklists.txt
1) tttt
2) aaaa
3) gggg


medved@DESKTOP-59DF4KB MINGW64 /c/gitbranch/gitbranch (checklists)
$ git status
On branch checklists
Untracked files:
  (use "git add <file>..." to include in what will be committed)
        checklists.txt

nothing added to commit but untracked files present (use "git add" to track)

medved@DESKTOP-59DF4KB MINGW64 /c/gitbranch/gitbranch (checklists)
$ git add checklists.txt
warning: LF will be replaced by CRLF in checklists.txt.
The file will have its original line endings in your working directory

medved@DESKTOP-59DF4KB MINGW64 /c/gitbranch/gitbranch (checklists)
$ git commit -m "add checklists"
[checklists e67c5ee] add checklists
 1 file changed, 3 insertions(+)
 create mode 100644 checklists.txt

medved@DESKTOP-59DF4KB MINGW64 /c/gitbranch/gitbranch (checklists)
$ git push
fatal: The current branch checklists has no upstream branch.
To push the current branch and set the remote as upstream, use

    git push --set-upstream origin checklists

medved@DESKTOP-59DF4KB MINGW64 /c/gitbranch/gitbranch (checklists)
$ git push --set-upstream origin checklists
Enumerating objects: 4, done.
Counting objects: 100% (4/4), done.
Delta compression using up to 8 threads
Compressing objects: 100% (2/2), done.
Writing objects: 100% (3/3), 306 bytes | 306.00 KiB/s, done.
Total 3 (delta 0), reused 0 (delta 0), pack-reused 0
remote:
remote: Create a pull request for 'checklists' on GitHub by visiting:
remote:      https://github.com/DmitryMedved/GitBranch/pull/new/checklists
remote:
To https://github.com/DmitryMedved/GitBranch.git
 * [new branch]      checklists -> checklists
branch 'checklists' set up to track 'origin/checklists'.

medved@DESKTOP-59DF4KB MINGW64 /c/gitbranch/gitbranch (checklists)
$ git checkout bagreports
Switched to branch 'bagreports'

medved@DESKTOP-59DF4KB MINGW64 /c/gitbranch/gitbranch (bagreports)
$ cat > bagreports.txt
1) oooo
2) xxxx
3) nnnn


medved@DESKTOP-59DF4KB MINGW64 /c/gitbranch/gitbranch (bagreports)
$ git status
On branch bagreports
Untracked files:
  (use "git add <file>..." to include in what will be committed)
        bagreports.txt

nothing added to commit but untracked files present (use "git add" to track)

medved@DESKTOP-59DF4KB MINGW64 /c/gitbranch/gitbranch (bagreports)
$ git add bagreports.txt
warning: LF will be replaced by CRLF in bagreports.txt.
The file will have its original line endings in your working directory

medved@DESKTOP-59DF4KB MINGW64 /c/gitbranch/gitbranch (bagreports)
$ git commit -m "add bagreports"
[bagreports 7f6544c] add bagreports
 1 file changed, 3 insertions(+)
 create mode 100644 bagreports.txt

medved@DESKTOP-59DF4KB MINGW64 /c/gitbranch/gitbranch (bagreports)
$ git push
fatal: The current branch bagreports has no upstream branch.
To push the current branch and set the remote as upstream, use

    git push --set-upstream origin bagreports


medved@DESKTOP-59DF4KB MINGW64 /c/gitbranch/gitbranch (bagreports)
$ git push --set-upstream origin bagreports
Enumerating objects: 4, done.
Counting objects: 100% (4/4), done.
Delta compression using up to 8 threads
Compressing objects: 100% (2/2), done.
Writing objects: 100% (3/3), 306 bytes | 306.00 KiB/s, done.
Total 3 (delta 0), reused 0 (delta 0), pack-reused 0
remote:
remote: Create a pull request for 'bagreports' on GitHub by visiting:
remote:      https://github.com/DmitryMedved/GitBranch/pull/new/bagreports
remote:
To https://github.com/DmitryMedved/GitBranch.git
 * [new branch]      bagreports -> bagreports
branch 'bagreports' set up to track 'origin/bagreports'.

medved@DESKTOP-59DF4KB MINGW64 /c/gitbranch/gitbranch (bagreports)
$ git checkout sql
Switched to branch 'sql'

medved@DESKTOP-59DF4KB MINGW64 /c/gitbranch/gitbranch (sql)
$ cat > sql.txt
1) pppp
2) mmmm
3) jjjj


medved@DESKTOP-59DF4KB MINGW64 /c/gitbranch/gitbranch (sql)
$ git status
On branch sql
Untracked files:
  (use "git add <file>..." to include in what will be committed)
        sql.txt

nothing added to commit but untracked files present (use "git add" to track)

medved@DESKTOP-59DF4KB MINGW64 /c/gitbranch/gitbranch (sql)
$ git add sql.txt
warning: LF will be replaced by CRLF in sql.txt.
The file will have its original line endings in your working directory

medved@DESKTOP-59DF4KB MINGW64 /c/gitbranch/gitbranch (sql)
$ git commit -m "add sql"
[sql 1729962] add sql
 1 file changed, 3 insertions(+)
 create mode 100644 sql.txt

medved@DESKTOP-59DF4KB MINGW64 /c/gitbranch/gitbranch (sql)
$ git push
fatal: The current branch sql has no upstream branch.
To push the current branch and set the remote as upstream, use

    git push --set-upstream origin sql

medved@DESKTOP-59DF4KB MINGW64 /c/gitbranch/gitbranch (sql)
$ git push --set-upstream origin sql
Enumerating objects: 4, done.
Counting objects: 100% (4/4), done.
Delta compression using up to 8 threads
Compressing objects: 100% (2/2), done.
Writing objects: 100% (3/3), 294 bytes | 294.00 KiB/s, done.
Total 3 (delta 0), reused 0 (delta 0), pack-reused 0
remote:
remote: Create a pull request for 'sql' on GitHub by visiting:
remote:      https://github.com/DmitryMedved/GitBranch/pull/new/sql
remote:
To https://github.com/DmitryMedved/GitBranch.git
 * [new branch]      sql -> sql
branch 'sql' set up to track 'origin/sql'.

medved@DESKTOP-59DF4KB MINGW64 /c/gitbranch/gitbranch (sql)
$ git checkout mobiletesting
Switched to branch 'mobiletesting'

medved@DESKTOP-59DF4KB MINGW64 /c/gitbranch/gitbranch (mobiletesting)
$ cat > mobiletesting.txt
1) llll
2) ssss
3) kkkk


medved@DESKTOP-59DF4KB MINGW64 /c/gitbranch/gitbranch (mobiletesting)
$ git status
On branch mobiletesting
Untracked files:
  (use "git add <file>..." to include in what will be committed)
        mobiletesting.txt

nothing added to commit but untracked files present (use "git add" to track)

medved@DESKTOP-59DF4KB MINGW64 /c/gitbranch/gitbranch (mobiletesting)
$ git add mobiletesting.txt
warning: LF will be replaced by CRLF in mobiletesting.txt.
The file will have its original line endings in your working directory

medved@DESKTOP-59DF4KB MINGW64 /c/gitbranch/gitbranch (mobiletesting)
$ git commit -m "add mobiletesting"
[mobiletesting a42c790] add mobiletesting
 1 file changed, 3 insertions(+)
 create mode 100644 mobiletesting.txt

medved@DESKTOP-59DF4KB MINGW64 /c/gitbranch/gitbranch (mobiletesting)
$ git push
fatal: The current branch mobiletesting has no upstream branch.
To push the current branch and set the remote as upstream, use

    git push --set-upstream origin mobiletesting

medved@DESKTOP-59DF4KB MINGW64 /c/gitbranch/gitbranch (mobiletesting)
$ git push --set-upstream origin mobiletesting
Enumerating objects: 4, done.
Counting objects: 100% (4/4), done.
Delta compression using up to 8 threads
Compressing objects: 100% (2/2), done.
Writing objects: 100% (3/3), 312 bytes | 312.00 KiB/s, done.
Total 3 (delta 0), reused 0 (delta 0), pack-reused 0
remote:
remote: Create a pull request for 'mobiletesting' on GitHub by visiting:
remote:      https://github.com/DmitryMedved/GitBranch/pull/new/mobiletesting
remote:
To https://github.com/DmitryMedved/GitBranch.git
 * [new branch]      mobiletesting -> mobiletesting
branch 'mobiletesting' set up to track 'origin/mobiletesting'.

medved@DESKTOP-59DF4KB MINGW64 /c/gitbranch/gitbranch (mobiletesting)

3. В ветке Bag Reports сделать текстовый документ со структурой баг репорта 
     
medved@DESKTOP-59DF4KB MINGW64 /c/gitbranch/gitbranch (mobiletesting)
$ git checkout bagreports
Switched to branch 'bagreports'
Your branch is up to date with 'origin/bagreports'.

medved@DESKTOP-59DF4KB MINGW64 /c/gitbranch/gitbranch (bagreports)
$ git branch
* bagreports
  charles
  checklists
  jmeter
  main
  mobiletesting
  postman
  sql

medved@DESKTOP-59DF4KB MINGW64 /c/gitbranch/gitbranch (bagreports)
$ cat > bagreports_1.txt
Bug_report=1
Project=www.ameno.ru
Sammary=Search in the dream book on the main page, using Russian words, does not work correctly
Number_version=0.0001
Severity=Major
Priority=Medium
Status=New
Reporter=Dmitry Medved
Assign_to=Alex Bulat
Steps_to_reproduce=1. Open the main page of the site: http://www.ameno.ru/. At the bottom of the page we find the section: DREAM BOOK 2. Enter a search term, such as "night 3. Click the "Find" button"
Actual_result=The request was not validated
Expected_Result=The search was successful, the description of the desired dream is shown correctly

4. Запушить структуру багрепорта на внешний репозиторий

medved@DESKTOP-59DF4KB MINGW64 /c/gitbranch/gitbranch (bagreports)
$ git status
On branch bagreports
Your branch is up to date with 'origin/bagreports'.

Untracked files:
  (use "git add <file>..." to include in what will be committed)
        bagreports_1.txt

nothing added to commit but untracked files present (use "git add" to track)

medved@DESKTOP-59DF4KB MINGW64 /c/gitbranch/gitbranch (bagreports)
$ git add bagreports_1.txt
warning: LF will be replaced by CRLF in bagreports_1.txt.
The file will have its original line endings in your working directory

medved@DESKTOP-59DF4KB MINGW64 /c/gitbranch/gitbranch (bagreports)
$ git commit -m "add bagreports_1"
[bagreports cb516fc] add bagreports_1
 1 file changed, 12 insertions(+)
 create mode 100644 bagreports_1.txt

medved@DESKTOP-59DF4KB MINGW64 /c/gitbranch/gitbranch (bagreports)
$ git push
Enumerating objects: 4, done.
Counting objects: 100% (4/4), done.
Delta compression using up to 8 threads
Compressing objects: 100% (3/3), done.
Writing objects: 100% (3/3), 686 bytes | 686.00 KiB/s, done.
Total 3 (delta 0), reused 0 (delta 0), pack-reused 0
To https://github.com/DmitryMedved/GitBranch.git
   7f6544c..cb516fc  bagreports -> bagreports

5. Вмержить ветку Bag Report s в Main
medved@DESKTOP-59DF4KB MINGW64 /c/gitbranch/gitbranch (bagreports)
$ git checkout main
Switched to branch 'main'
Your branch is up to date with 'origin/main'.

medved@DESKTOP-59DF4KB MINGW64 /c/gitbranch/gitbranch (main)
$ git merge bagreports -m "merge_bagreports"
Updating 56fd1fc..cb516fc
Fast-forward (no commit created; -m option ignored)
 bagreports.txt   |  3 +++
 bagreports_1.txt | 12 ++++++++++++
 2 files changed, 15 insertions(+)
 create mode 100644 bagreports.txt
 create mode 100644 bagreports_1.txt

6. Запушить main на внешний репозиторий.
medved@DESKTOP-59DF4KB MINGW64 /c/gitbranch/gitbranch (main)

Не понял как правильно!!!!

Эта команда? 
medved@DESKTOP-59DF4KB MINGW64 /c/gitbranch/gitbranch (main)
$ git push
Total 0 (delta 0), reused 0 (delta 0), pack-reused 0
To https://github.com/DmitryMedved/GitBranch.git
   56fd1fc..cb516fc  main -> main

Или эта?
$ git push -u origin main
Everything up-to-date
branch 'main' set up to track 'origin/main'.

7. В ветке CheckLists набросать структуру чек листа.
medved@DESKTOP-59DF4KB MINGW64 /c/gitbranch/gitbranch (main)
$ git checkout checklists
Switched to branch 'checklists'
Your branch is up to date with 'origin/checklists'.

medved@DESKTOP-59DF4KB MINGW64 /c/gitbranch/gitbranch (checklists)
$ cat > checklist.txt
Smoke testing checklist
1) The site is up and running
2) The main elements of the site work correctly
3) No errors in console
4) No broken links
5) The main pages of the site open and work
6) There are no visible errors on the main page

8. Запушить структуру на внешний репозиторий
medved@DESKTOP-59DF4KB MINGW64 /c/gitbranch/gitbranch (checklists)
$ git status
On branch checklists
Your branch is up to date with 'origin/checklists'.

Untracked files:
  (use "git add <file>..." to include in what will be committed)
        checklist.txt

nothing added to commit but untracked files present (use "git add" to track)

medved@DESKTOP-59DF4KB MINGW64 /c/gitbranch/gitbranch (checklists)
$ git add checklist.txt
warning: LF will be replaced by CRLF in checklist.txt.
The file will have its original line endings in your working directory

medved@DESKTOP-59DF4KB MINGW64 /c/gitbranch/gitbranch (checklists)
$ git commit -m "add checklist"
[checklists 8a422e3] add checklist
 1 file changed, 8 insertions(+)
 create mode 100644 checklist.txt

medved@DESKTOP-59DF4KB MINGW64 /c/gitbranch/gitbranch (checklists)
$ git push
Enumerating objects: 4, done.
Counting objects: 100% (4/4), done.
Delta compression using up to 8 threads
Compressing objects: 100% (3/3), done.
Writing objects: 100% (3/3), 728 bytes | 728.00 KiB/s, done.
Total 3 (delta 0), reused 0 (delta 0), pack-reused 0
To https://github.com/DmitryMedved/GitBranch.git
   e67c5ee..8a422e3  checklists -> checklists

9. На внешнем репозитории сделать Pull Request ветки CheckLists в main

https://github.com/DmitryMedved/GitBranch/branches
 
10. Синхронизировать Внешнюю и Локальную ветки Main
medved@DESKTOP-59DF4KB MINGW64 /c/gitbranch/gitbranch (checklists)
$ git checkout main
Switched to branch 'main'
Your branch is up to date with 'origin/main'.

medved@DESKTOP-59DF4KB MINGW64 /c/gitbranch/gitbranch (main)
$ git fetch
remote: Enumerating objects: 4, done.
remote: Counting objects: 100% (4/4), done.
remote: Compressing objects: 100% (2/2), done.
remote: Total 2 (delta 0), reused 0 (delta 0), pack-reused 0
Unpacking objects: 100% (2/2), 794 bytes | 158.00 KiB/s, done.
From https://github.com/DmitryMedved/GitBranch
   cb516fc..b2100cc  main       -> origin/main

medved@DESKTOP-59DF4KB MINGW64 /c/gitbranch/gitbranch (main)
$ git pull
Updating cb516fc..b2100cc
Fast-forward
 checklist.txt  | 8 ++++++++
 checklists.txt | 3 +++
 2 files changed, 11 insertions(+)
 create mode 100644 checklist.txt
 create mode 100644 checklists.txt

medved@DESKTOP-59DF4KB MINGW64 /c/gitbranch/gitbranch (main)
$ cat checklist.txt
Чек лист смоук тестирования
☑ Сайт открывается и доступmoke testing ch1) Е site is up an The site is up and runningные элементы сайта работают корректно.
2) ет ошибок в консоли.       he main elements of the site work correctly
☑ Нет битых ссылок.                                    ) 4) No broken links
☑ Основные страницы сайта открываются и работают.                              ) Thhere are no visible errors on the main page


